Archive member included to satisfy reference by file (symbol)

d:/aps/cubeide/stm32cubeide_1.5.1/stm32cubeide/plugins/com.st.stm32cube.ide.mcu.externaltools.gnu-tools-for-stm32.7-2018-q2-update.win32_1.5.0.202011040924/tools/bin/../lib/gcc/arm-none-eabi/7.3.1/../../../../arm-none-eabi/lib/thumb/v7-m\libc_nano.a(lib_a-errno.o)
                              Core/Src/syscalls.o (__errno)
d:/aps/cubeide/stm32cubeide_1.5.1/stm32cubeide/plugins/com.st.stm32cube.ide.mcu.externaltools.gnu-tools-for-stm32.7-2018-q2-update.win32_1.5.0.202011040924/tools/bin/../lib/gcc/arm-none-eabi/7.3.1/../../../../arm-none-eabi/lib/thumb/v7-m\libc_nano.a(lib_a-exit.o)
                              d:/aps/cubeide/stm32cubeide_1.5.1/stm32cubeide/plugins/com.st.stm32cube.ide.mcu.externaltools.gnu-tools-for-stm32.7-2018-q2-update.win32_1.5.0.202011040924/tools/bin/../lib/gcc/arm-none-eabi/7.3.1/../../../../arm-none-eabi/lib/thumb/v7-m/crt0.o (exit)
d:/aps/cubeide/stm32cubeide_1.5.1/stm32cubeide/plugins/com.st.stm32cube.ide.mcu.externaltools.gnu-tools-for-stm32.7-2018-q2-update.win32_1.5.0.202011040924/tools/bin/../lib/gcc/arm-none-eabi/7.3.1/../../../../arm-none-eabi/lib/thumb/v7-m\libc_nano.a(lib_a-impure.o)
                              d:/aps/cubeide/stm32cubeide_1.5.1/stm32cubeide/plugins/com.st.stm32cube.ide.mcu.externaltools.gnu-tools-for-stm32.7-2018-q2-update.win32_1.5.0.202011040924/tools/bin/../lib/gcc/arm-none-eabi/7.3.1/../../../../arm-none-eabi/lib/thumb/v7-m\libc_nano.a(lib_a-exit.o) (_global_impure_ptr)
d:/aps/cubeide/stm32cubeide_1.5.1/stm32cubeide/plugins/com.st.stm32cube.ide.mcu.externaltools.gnu-tools-for-stm32.7-2018-q2-update.win32_1.5.0.202011040924/tools/bin/../lib/gcc/arm-none-eabi/7.3.1/../../../../arm-none-eabi/lib/thumb/v7-m\libc_nano.a(lib_a-init.o)
                              d:/aps/cubeide/stm32cubeide_1.5.1/stm32cubeide/plugins/com.st.stm32cube.ide.mcu.externaltools.gnu-tools-for-stm32.7-2018-q2-update.win32_1.5.0.202011040924/tools/bin/../lib/gcc/arm-none-eabi/7.3.1/../../../../arm-none-eabi/lib/thumb/v7-m/crt0.o (__libc_init_array)
d:/aps/cubeide/stm32cubeide_1.5.1/stm32cubeide/plugins/com.st.stm32cube.ide.mcu.externaltools.gnu-tools-for-stm32.7-2018-q2-update.win32_1.5.0.202011040924/tools/bin/../lib/gcc/arm-none-eabi/7.3.1/../../../../arm-none-eabi/lib/thumb/v7-m\libc_nano.a(lib_a-memset.o)
                              d:/aps/cubeide/stm32cubeide_1.5.1/stm32cubeide/plugins/com.st.stm32cube.ide.mcu.externaltools.gnu-tools-for-stm32.7-2018-q2-update.win32_1.5.0.202011040924/tools/bin/../lib/gcc/arm-none-eabi/7.3.1/../../../../arm-none-eabi/lib/thumb/v7-m/crt0.o (memset)

Allocating common symbols
Common symbol       size              file

uwTick              0x4               Drivers/STM32F1xx_HAL_Driver/Src/stm32f1xx_hal.o
pFlash              0x20              Drivers/STM32F1xx_HAL_Driver/Src/stm32f1xx_hal_flash.o
huart1              0x44              Core/Src/main.o
htim1               0x48              Core/Src/main.o

Discarded input sections

 .text          0x0000000000000000        0x0 d:/aps/cubeide/stm32cubeide_1.5.1/stm32cubeide/plugins/com.st.stm32cube.ide.mcu.externaltools.gnu-tools-for-stm32.7-2018-q2-update.win32_1.5.0.202011040924/tools/bin/../lib/gcc/arm-none-eabi/7.3.1/thumb/v7-m/crti.o
 .data          0x0000000000000000        0x0 d:/aps/cubeide/stm32cubeide_1.5.1/stm32cubeide/plugins/com.st.stm32cube.ide.mcu.externaltools.gnu-tools-for-stm32.7-2018-q2-update.win32_1.5.0.202011040924/tools/bin/../lib/gcc/arm-none-eabi/7.3.1/thumb/v7-m/crti.o
 .bss           0x0000000000000000        0x0 d:/aps/cubeide/stm32cubeide_1.5.1/stm32cubeide/plugins/com.st.stm32cube.ide.mcu.externaltools.gnu-tools-for-stm32.7-2018-q2-update.win32_1.5.0.202011040924/tools/bin/../lib/gcc/arm-none-eabi/7.3.1/thumb/v7-m/crti.o
 .data          0x0000000000000000        0x4 d:/aps/cubeide/stm32cubeide_1.5.1/stm32cubeide/plugins/com.st.stm32cube.ide.mcu.externaltools.gnu-tools-for-stm32.7-2018-q2-update.win32_1.5.0.202011040924/tools/bin/../lib/gcc/arm-none-eabi/7.3.1/thumb/v7-m/crtbegin.o
 .text          0x0000000000000000       0x74 d:/aps/cubeide/stm32cubeide_1.5.1/stm32cubeide/plugins/com.st.stm32cube.ide.mcu.externaltools.gnu-tools-for-stm32.7-2018-q2-update.win32_1.5.0.202011040924/tools/bin/../lib/gcc/arm-none-eabi/7.3.1/../../../../arm-none-eabi/lib/thumb/v7-m/crt0.o
 .data          0x0000000000000000        0x0 d:/aps/cubeide/stm32cubeide_1.5.1/stm32cubeide/plugins/com.st.stm32cube.ide.mcu.externaltools.gnu-tools-for-stm32.7-2018-q2-update.win32_1.5.0.202011040924/tools/bin/../lib/gcc/arm-none-eabi/7.3.1/../../../../arm-none-eabi/lib/thumb/v7-m/crt0.o
 .bss           0x0000000000000000        0x0 d:/aps/cubeide/stm32cubeide_1.5.1/stm32cubeide/plugins/com.st.stm32cube.ide.mcu.externaltools.gnu-tools-for-stm32.7-2018-q2-update.win32_1.5.0.202011040924/tools/bin/../lib/gcc/arm-none-eabi/7.3.1/../../../../arm-none-eabi/lib/thumb/v7-m/crt0.o
[...]
Memory Configuration

Name             Origin             Length             Attributes
RAM              0x0000000020000000 0x000000000000c000 xrw
FLASH            0x0000000008000000 0x0000000000040000 xr
*default*        0x0000000000000000 0xffffffffffffffff

Linker script and memory map

LOAD d:/aps/cubeide/stm32cubeide_1.5.1/stm32cubeide/plugins/com.st.stm32cube.ide.mcu.externaltools.gnu-tools-for-stm32.7-2018-q2-update.win32_1.5.0.202011040924/tools/bin/../lib/gcc/arm-none-eabi/7.3.1/thumb/v7-m/crti.o
LOAD d:/aps/cubeide/stm32cubeide_1.5.1/stm32cubeide/plugins/com.st.stm32cube.ide.mcu.externaltools.gnu-tools-for-stm32.7-2018-q2-update.win32_1.5.0.202011040924/tools/bin/../lib/gcc/arm-none-eabi/7.3.1/thumb/v7-m/crtbegin.o
LOAD d:/aps/cubeide/stm32cubeide_1.5.1/stm32cubeide/plugins/com.st.stm32cube.ide.mcu.externaltools.gnu-tools-for-stm32.7-2018-q2-update.win32_1.5.0.202011040924/tools/bin/../lib/gcc/arm-none-eabi/7.3.1/../../../../arm-none-eabi/lib/thumb/v7-m/crt0.o
LOAD Core/Src/main.o
LOAD Core/Src/stm32f1xx_hal_msp.o
LOAD Core/Src/stm32f1xx_it.o
LOAD Core/Src/syscalls.o
LOAD Core/Src/sysmem.o
LOAD Core/Src/system_stm32f1xx.o
LOAD Core/Startup/startup_stm32f103rctx.o
LOAD Drivers/STM32F1xx_HAL_Driver/Src/stm32f1xx_hal.o
LOAD Drivers/STM32F1xx_HAL_Driver/Src/stm32f1xx_hal_cortex.o
LOAD Drivers/STM32F1xx_HAL_Driver/Src/stm32f1xx_hal_dma.o
LOAD Drivers/STM32F1xx_HAL_Driver/Src/stm32f1xx_hal_exti.o
LOAD Drivers/STM32F1xx_HAL_Driver/Src/stm32f1xx_hal_flash.o
LOAD Drivers/STM32F1xx_HAL_Driver/Src/stm32f1xx_hal_flash_ex.o
LOAD Drivers/STM32F1xx_HAL_Driver/Src/stm32f1xx_hal_gpio.o
LOAD Drivers/STM32F1xx_HAL_Driver/Src/stm32f1xx_hal_gpio_ex.o
LOAD Drivers/STM32F1xx_HAL_Driver/Src/stm32f1xx_hal_pwr.o
LOAD Drivers/STM32F1xx_HAL_Driver/Src/stm32f1xx_hal_rcc.o
LOAD Drivers/STM32F1xx_HAL_Driver/Src/stm32f1xx_hal_rcc_ex.o
LOAD Drivers/STM32F1xx_HAL_Driver/Src/stm32f1xx_hal_tim.o
LOAD Drivers/STM32F1xx_HAL_Driver/Src/stm32f1xx_hal_tim_ex.o
LOAD Drivers/STM32F1xx_HAL_Driver/Src/stm32f1xx_hal_uart.o
START GROUP
LOAD d:/aps/cubeide/stm32cubeide_1.5.1/stm32cubeide/plugins/com.st.stm32cube.ide.mcu.externaltools.gnu-tools-for-stm32.7-2018-q2-update.win32_1.5.0.202011040924/tools/bin/../lib/gcc/arm-none-eabi/7.3.1/../../../../arm-none-eabi/lib/thumb/v7-m\libc_nano.a
LOAD d:/aps/cubeide/stm32cubeide_1.5.1/stm32cubeide/plugins/com.st.stm32cube.ide.mcu.externaltools.gnu-tools-for-stm32.7-2018-q2-update.win32_1.5.0.202011040924/tools/bin/../lib/gcc/arm-none-eabi/7.3.1/../../../../arm-none-eabi/lib/thumb/v7-m\libm.a
END GROUP
START GROUP
LOAD d:/aps/cubeide/stm32cubeide_1.5.1/stm32cubeide/plugins/com.st.stm32cube.ide.mcu.externaltools.gnu-tools-for-stm32.7-2018-q2-update.win32_1.5.0.202011040924/tools/bin/../lib/gcc/arm-none-eabi/7.3.1/thumb/v7-m\libgcc.a
LOAD d:/aps/cubeide/stm32cubeide_1.5.1/stm32cubeide/plugins/com.st.stm32cube.ide.mcu.externaltools.gnu-tools-for-stm32.7-2018-q2-update.win32_1.5.0.202011040924/tools/bin/../lib/gcc/arm-none-eabi/7.3.1/../../../../arm-none-eabi/lib/thumb/v7-m\libc_nano.a
END GROUP
START GROUP
LOAD d:/aps/cubeide/stm32cubeide_1.5.1/stm32cubeide/plugins/com.st.stm32cube.ide.mcu.externaltools.gnu-tools-for-stm32.7-2018-q2-update.win32_1.5.0.202011040924/tools/bin/../lib/gcc/arm-none-eabi/7.3.1/thumb/v7-m\libgcc.a
LOAD d:/aps/cubeide/stm32cubeide_1.5.1/stm32cubeide/plugins/com.st.stm32cube.ide.mcu.externaltools.gnu-tools-for-stm32.7-2018-q2-update.win32_1.5.0.202011040924/tools/bin/../lib/gcc/arm-none-eabi/7.3.1/../../../../arm-none-eabi/lib/thumb/v7-m\libc_nano.a
LOAD d:/aps/cubeide/stm32cubeide_1.5.1/stm32cubeide/plugins/com.st.stm32cube.ide.mcu.externaltools.gnu-tools-for-stm32.7-2018-q2-update.win32_1.5.0.202011040924/tools/bin/../lib/gcc/arm-none-eabi/7.3.1/../../../../arm-none-eabi/lib/thumb/v7-m\libnosys.a
END GROUP
START GROUP
LOAD d:/aps/cubeide/stm32cubeide_1.5.1/stm32cubeide/plugins/com.st.stm32cube.ide.mcu.externaltools.gnu-tools-for-stm32.7-2018-q2-update.win32_1.5.0.202011040924/tools/bin/../lib/gcc/arm-none-eabi/7.3.1/thumb/v7-m\libgcc.a
LOAD d:/aps/cubeide/stm32cubeide_1.5.1/stm32cubeide/plugins/com.st.stm32cube.ide.mcu.externaltools.gnu-tools-for-stm32.7-2018-q2-update.win32_1.5.0.202011040924/tools/bin/../lib/gcc/arm-none-eabi/7.3.1/../../../../arm-none-eabi/lib/thumb/v7-m\libc_nano.a
LOAD d:/aps/cubeide/stm32cubeide_1.5.1/stm32cubeide/plugins/com.st.stm32cube.ide.mcu.externaltools.gnu-tools-for-stm32.7-2018-q2-update.win32_1.5.0.202011040924/tools/bin/../lib/gcc/arm-none-eabi/7.3.1/../../../../arm-none-eabi/lib/thumb/v7-m\libnosys.a
END GROUP
LOAD d:/aps/cubeide/stm32cubeide_1.5.1/stm32cubeide/plugins/com.st.stm32cube.ide.mcu.externaltools.gnu-tools-for-stm32.7-2018-q2-update.win32_1.5.0.202011040924/tools/bin/../lib/gcc/arm-none-eabi/7.3.1/thumb/v7-m/crtend.o
LOAD d:/aps/cubeide/stm32cubeide_1.5.1/stm32cubeide/plugins/com.st.stm32cube.ide.mcu.externaltools.gnu-tools-for-stm32.7-2018-q2-update.win32_1.5.0.202011040924/tools/bin/../lib/gcc/arm-none-eabi/7.3.1/thumb/v7-m/crtn.o
                0x000000002000c000                _estack = (ORIGIN (RAM) + LENGTH (RAM))
                0x0000000000000200                _Min_Heap_Size = 0x200
                0x0000000000000400                _Min_Stack_Size = 0x400

.isr_vector     0x0000000008000000      0x1e4
                0x0000000008000000                . = ALIGN (0x4)
 *(.isr_vector)
 .isr_vector    0x0000000008000000      0x1e4 Core/Startup/startup_stm32f103rctx.o
                0x0000000008000000                g_pfnVectors
                0x00000000080001e4                . = ALIGN (0x4)

.text           0x00000000080001e4     0x2758
                0x00000000080001e4                . = ALIGN (0x4)
 *(.text)
 .text          0x00000000080001e4       0x40 d:/aps/cubeide/stm32cubeide_1.5.1/stm32cubeide/plugins/com.st.stm32cube.ide.mcu.externaltools.gnu-tools-for-stm32.7-2018-q2-update.win32_1.5.0.202011040924/tools/bin/../lib/gcc/arm-none-eabi/7.3.1/thumb/v7-m/crtbegin.o
 *(.text*)
 .text.main     0x0000000008000224      0x484 Core/Src/main.o
                0x0000000008000224                main
 .text.SystemClock_Config
                0x00000000080006a8       0x8a Core/Src/main.o
                0x00000000080006a8                SystemClock_Config
 *fill*         0x0000000008000732        0x2 
 .text.MX_TIM1_Init
                0x0000000008000734      0x150 Core/Src/main.o
 .text.MX_USART1_UART_Init
                0x0000000008000884       0x54 Core/Src/main.o
 .text.MX_GPIO_Init
                0x00000000080008d8      0x12c Core/Src/main.o
 .text.Error_Handler
                0x0000000008000a04        0x8 Core/Src/main.o
                0x0000000008000a04                Error_Handler
 .text.HAL_MspInit
                0x0000000008000a0c       0x64 Core/Src/stm32f1xx_hal_msp.o
                0x0000000008000a0c                HAL_MspInit
 .text.HAL_TIM_PWM_MspInit
                0x0000000008000a70       0x3c Core/Src/stm32f1xx_hal_msp.o
                0x0000000008000a70                HAL_TIM_PWM_MspInit
 .text.HAL_TIM_MspPostInit
                0x0000000008000aac       0x68 Core/Src/stm32f1xx_hal_msp.o
                0x0000000008000aac                HAL_TIM_MspPostInit
 .text.HAL_UART_MspInit
                0x0000000008000b14       0xb4 Core/Src/stm32f1xx_hal_msp.o
                0x0000000008000b14                HAL_UART_MspInit
 .text.NMI_Handler
                0x0000000008000bc8        0x6 Core/Src/stm32f1xx_it.o
                0x0000000008000bc8                NMI_Handler
 .text.HardFault_Handler
                0x0000000008000bce        0x6 Core/Src/stm32f1xx_it.o
                0x0000000008000bce                HardFault_Handler
 .text.MemManage_Handler
                0x0000000008000bd4        0x6 Core/Src/stm32f1xx_it.o
                0x0000000008000bd4                MemManage_Handler
 .text.BusFault_Handler
                0x0000000008000bda        0x6 Core/Src/stm32f1xx_it.o
                0x0000000008000bda                BusFault_Handler
 .text.UsageFault_Handler
                0x0000000008000be0        0x6 Core/Src/stm32f1xx_it.o
                0x0000000008000be0                UsageFault_Handler
 .text.SVC_Handler
                0x0000000008000be6        0xc Core/Src/stm32f1xx_it.o
                0x0000000008000be6                SVC_Handler
 .text.DebugMon_Handler
                0x0000000008000bf2        0xc Core/Src/stm32f1xx_it.o
                0x0000000008000bf2                DebugMon_Handler
 .text.PendSV_Handler
                0x0000000008000bfe        0xc Core/Src/stm32f1xx_it.o
                0x0000000008000bfe                PendSV_Handler
 .text.SysTick_Handler
                0x0000000008000c0a        0xc Core/Src/stm32f1xx_it.o
                0x0000000008000c0a                SysTick_Handler
 .text.SystemInit
                0x0000000008000c16        0xc Core/Src/system_stm32f1xx.o
                0x0000000008000c16                SystemInit
 *fill*         0x0000000008000c22        0x2 
 .text.Reset_Handler
                0x0000000008000c24       0x48 Core/Startup/startup_stm32f103rctx.o
                0x0000000008000c24                Reset_Handler
 .text.Default_Handler
                0x0000000008000c6c        0x2 Core/Startup/startup_stm32f103rctx.o
                0x0000000008000c6c                RTC_Alarm_IRQHandler
                0x0000000008000c6c                EXTI2_IRQHandler
                0x0000000008000c6c                TIM8_TRG_COM_IRQHandler
                0x0000000008000c6c                TIM8_CC_IRQHandler
                0x0000000008000c6c                TIM1_CC_IRQHandler
                0x0000000008000c6c                TIM6_IRQHandler
                0x0000000008000c6c                PVD_IRQHandler
                0x0000000008000c6c                SDIO_IRQHandler
                0x0000000008000c6c                EXTI3_IRQHandler
                0x0000000008000c6c                EXTI0_IRQHandler
                0x0000000008000c6c                I2C2_EV_IRQHandler
                0x0000000008000c6c                ADC1_2_IRQHandler
                0x0000000008000c6c                SPI1_IRQHandler
                0x0000000008000c6c                TAMPER_IRQHandler
                0x0000000008000c6c                TIM8_UP_IRQHandler
                0x0000000008000c6c                DMA2_Channel2_IRQHandler
                0x0000000008000c6c                DMA1_Channel4_IRQHandler
                0x0000000008000c6c                USART3_IRQHandler
                0x0000000008000c6c                RTC_IRQHandler
                0x0000000008000c6c                DMA1_Channel7_IRQHandler
                0x0000000008000c6c                CAN1_RX1_IRQHandler
                0x0000000008000c6c                UART5_IRQHandler
                0x0000000008000c6c                ADC3_IRQHandler
                0x0000000008000c6c                TIM4_IRQHandler
                0x0000000008000c6c                DMA2_Channel1_IRQHandler
                0x0000000008000c6c                I2C1_EV_IRQHandler
                0x0000000008000c6c                DMA1_Channel6_IRQHandler
                0x0000000008000c6c                UART4_IRQHandler
                0x0000000008000c6c                TIM3_IRQHandler
                0x0000000008000c6c                RCC_IRQHandler
                0x0000000008000c6c                TIM1_TRG_COM_IRQHandler
                0x0000000008000c6c                DMA1_Channel1_IRQHandler
                0x0000000008000c6c                Default_Handler
                0x0000000008000c6c                EXTI15_10_IRQHandler
                0x0000000008000c6c                TIM7_IRQHandler
                0x0000000008000c6c                TIM5_IRQHandler
                0x0000000008000c6c                EXTI9_5_IRQHandler
                0x0000000008000c6c                SPI2_IRQHandler
                0x0000000008000c6c                DMA1_Channel5_IRQHandler
                0x0000000008000c6c                EXTI4_IRQHandler
                0x0000000008000c6c                USB_LP_CAN1_RX0_IRQHandler
                0x0000000008000c6c                USB_HP_CAN1_TX_IRQHandler
                0x0000000008000c6c                DMA1_Channel3_IRQHandler
                0x0000000008000c6c                FSMC_IRQHandler
                0x0000000008000c6c                TIM1_UP_IRQHandler
                0x0000000008000c6c                WWDG_IRQHandler
                0x0000000008000c6c                TIM2_IRQHandler
                0x0000000008000c6c                TIM1_BRK_IRQHandler
                0x0000000008000c6c                EXTI1_IRQHandler
                0x0000000008000c6c                DMA2_Channel4_5_IRQHandler
                0x0000000008000c6c                USART2_IRQHandler
                0x0000000008000c6c                I2C2_ER_IRQHandler
                0x0000000008000c6c                DMA1_Channel2_IRQHandler
                0x0000000008000c6c                TIM8_BRK_IRQHandler
                0x0000000008000c6c                CAN1_SCE_IRQHandler
                0x0000000008000c6c                FLASH_IRQHandler
                0x0000000008000c6c                USART1_IRQHandler
                0x0000000008000c6c                SPI3_IRQHandler
                0x0000000008000c6c                I2C1_ER_IRQHandler
                0x0000000008000c6c                USBWakeUp_IRQHandler
                0x0000000008000c6c                DMA2_Channel3_IRQHandler
 *fill*         0x0000000008000c6e        0x2 
 .text.HAL_Init
                0x0000000008000c70       0x2c Drivers/STM32F1xx_HAL_Driver/Src/stm32f1xx_hal.o
                0x0000000008000c70                HAL_Init
 .text.HAL_InitTick
                0x0000000008000c9c       0x60 Drivers/STM32F1xx_HAL_Driver/Src/stm32f1xx_hal.o
                0x0000000008000c9c                HAL_InitTick
 .text.HAL_IncTick
                0x0000000008000cfc       0x24 Drivers/STM32F1xx_HAL_Driver/Src/stm32f1xx_hal.o
                0x0000000008000cfc                HAL_IncTick
 .text.HAL_GetTick
                0x0000000008000d20       0x14 Drivers/STM32F1xx_HAL_Driver/Src/stm32f1xx_hal.o
                0x0000000008000d20                HAL_GetTick
 .text.HAL_Delay
                0x0000000008000d34       0x44 Drivers/STM32F1xx_HAL_Driver/Src/stm32f1xx_hal.o
                0x0000000008000d34                HAL_Delay
 .text.__NVIC_SetPriorityGrouping
                0x0000000008000d78       0x48 Drivers/STM32F1xx_HAL_Driver/Src/stm32f1xx_hal_cortex.o
 .text.__NVIC_GetPriorityGrouping
                0x0000000008000dc0       0x1c Drivers/STM32F1xx_HAL_Driver/Src/stm32f1xx_hal_cortex.o
 .text.__NVIC_SetPriority
                0x0000000008000ddc       0x54 Drivers/STM32F1xx_HAL_Driver/Src/stm32f1xx_hal_cortex.o
 .text.NVIC_EncodePriority
                0x0000000008000e30       0x64 Drivers/STM32F1xx_HAL_Driver/Src/stm32f1xx_hal_cortex.o
 .text.SysTick_Config
                0x0000000008000e94       0x44 Drivers/STM32F1xx_HAL_Driver/Src/stm32f1xx_hal_cortex.o
 .text.HAL_NVIC_SetPriorityGrouping
                0x0000000008000ed8       0x16 Drivers/STM32F1xx_HAL_Driver/Src/stm32f1xx_hal_cortex.o
                0x0000000008000ed8                HAL_NVIC_SetPriorityGrouping
 .text.HAL_NVIC_SetPriority
                0x0000000008000eee       0x38 Drivers/STM32F1xx_HAL_Driver/Src/stm32f1xx_hal_cortex.o
                0x0000000008000eee                HAL_NVIC_SetPriority
 .text.HAL_SYSTICK_Config
                0x0000000008000f26       0x18 Drivers/STM32F1xx_HAL_Driver/Src/stm32f1xx_hal_cortex.o
                0x0000000008000f26                HAL_SYSTICK_Config
 *fill*         0x0000000008000f3e        0x2 
 .text.HAL_GPIO_Init
                0x0000000008000f40      0x2d4 Drivers/STM32F1xx_HAL_Driver/Src/stm32f1xx_hal_gpio.o
                0x0000000008000f40                HAL_GPIO_Init
 .text.HAL_GPIO_WritePin
                0x0000000008001214       0x30 Drivers/STM32F1xx_HAL_Driver/Src/stm32f1xx_hal_gpio.o
                0x0000000008001214                HAL_GPIO_WritePin
 .text.HAL_RCC_OscConfig
                0x0000000008001244      0x500 Drivers/STM32F1xx_HAL_Driver/Src/stm32f1xx_hal_rcc.o
                0x0000000008001244                HAL_RCC_OscConfig
 .text.HAL_RCC_ClockConfig
                0x0000000008001744      0x1d4 Drivers/STM32F1xx_HAL_Driver/Src/stm32f1xx_hal_rcc.o
                0x0000000008001744                HAL_RCC_ClockConfig
 .text.HAL_RCC_GetSysClockFreq
                0x0000000008001918       0xc4 Drivers/STM32F1xx_HAL_Driver/Src/stm32f1xx_hal_rcc.o
                0x0000000008001918                HAL_RCC_GetSysClockFreq
 .text.HAL_RCC_GetHCLKFreq
                0x00000000080019dc       0x14 Drivers/STM32F1xx_HAL_Driver/Src/stm32f1xx_hal_rcc.o
                0x00000000080019dc                HAL_RCC_GetHCLKFreq
 .text.HAL_RCC_GetPCLK1Freq
                0x00000000080019f0       0x28 Drivers/STM32F1xx_HAL_Driver/Src/stm32f1xx_hal_rcc.o
                0x00000000080019f0                HAL_RCC_GetPCLK1Freq
 .text.HAL_RCC_GetPCLK2Freq
                0x0000000008001a18       0x28 Drivers/STM32F1xx_HAL_Driver/Src/stm32f1xx_hal_rcc.o
                0x0000000008001a18                HAL_RCC_GetPCLK2Freq
 .text.RCC_Delay
                0x0000000008001a40       0x3c Drivers/STM32F1xx_HAL_Driver/Src/stm32f1xx_hal_rcc.o
 .text.HAL_TIM_PWM_Init
                0x0000000008001a7c       0x9e Drivers/STM32F1xx_HAL_Driver/Src/stm32f1xx_hal_tim.o
                0x0000000008001a7c                HAL_TIM_PWM_Init
 *fill*         0x0000000008001b1a        0x2 
 .text.HAL_TIM_PWM_Start
                0x0000000008001b1c      0x174 Drivers/STM32F1xx_HAL_Driver/Src/stm32f1xx_hal_tim.o
                0x0000000008001b1c                HAL_TIM_PWM_Start
 .text.HAL_TIM_PWM_ConfigChannel
                0x0000000008001c90      0x17c Drivers/STM32F1xx_HAL_Driver/Src/stm32f1xx_hal_tim.o
                0x0000000008001c90                HAL_TIM_PWM_ConfigChannel
 .text.TIM_Base_SetConfig
                0x0000000008001e0c       0xf4 Drivers/STM32F1xx_HAL_Driver/Src/stm32f1xx_hal_tim.o
                0x0000000008001e0c                TIM_Base_SetConfig
 .text.TIM_OC1_SetConfig
                0x0000000008001f00       0xe0 Drivers/STM32F1xx_HAL_Driver/Src/stm32f1xx_hal_tim.o
 .text.TIM_OC2_SetConfig
                0x0000000008001fe0       0xe8 Drivers/STM32F1xx_HAL_Driver/Src/stm32f1xx_hal_tim.o
                0x0000000008001fe0                TIM_OC2_SetConfig
 .text.TIM_OC3_SetConfig
                0x00000000080020c8       0xe8 Drivers/STM32F1xx_HAL_Driver/Src/stm32f1xx_hal_tim.o
 .text.TIM_OC4_SetConfig
                0x00000000080021b0       0xa8 Drivers/STM32F1xx_HAL_Driver/Src/stm32f1xx_hal_tim.o
 .text.TIM_CCxChannelCmd
                0x0000000008002258       0x48 Drivers/STM32F1xx_HAL_Driver/Src/stm32f1xx_hal_tim.o
                0x0000000008002258                TIM_CCxChannelCmd
 .text.HAL_TIMEx_MasterConfigSynchronization
                0x00000000080022a0       0xd8 Drivers/STM32F1xx_HAL_Driver/Src/stm32f1xx_hal_tim_ex.o
                0x00000000080022a0                HAL_TIMEx_MasterConfigSynchronization
 .text.HAL_TIMEx_ConfigBreakDeadTime
                0x0000000008002378       0xa2 Drivers/STM32F1xx_HAL_Driver/Src/stm32f1xx_hal_tim_ex.o
                0x0000000008002378                HAL_TIMEx_ConfigBreakDeadTime
 .text.HAL_UART_Init
                0x000000000800241a       0x9a Drivers/STM32F1xx_HAL_Driver/Src/stm32f1xx_hal_uart.o
                0x000000000800241a                HAL_UART_Init
 .text.HAL_UART_Transmit
                0x00000000080024b4      0x124 Drivers/STM32F1xx_HAL_Driver/Src/stm32f1xx_hal_uart.o
                0x00000000080024b4                HAL_UART_Transmit
 .text.HAL_UART_Receive
                0x00000000080025d8      0x144 Drivers/STM32F1xx_HAL_Driver/Src/stm32f1xx_hal_uart.o
                0x00000000080025d8                HAL_UART_Receive
 .text.UART_WaitOnFlagUntilTimeout
                0x000000000800271c       0x94 Drivers/STM32F1xx_HAL_Driver/Src/stm32f1xx_hal_uart.o
 .text.UART_SetConfig
                0x00000000080027b0      0x11c Drivers/STM32F1xx_HAL_Driver/Src/stm32f1xx_hal_uart.o
 .text.__libc_init_array
                0x00000000080028cc       0x48 d:/aps/cubeide/stm32cubeide_1.5.1/stm32cubeide/plugins/com.st.stm32cube.ide.mcu.externaltools.gnu-tools-for-stm32.7-2018-q2-update.win32_1.5.0.202011040924/tools/bin/../lib/gcc/arm-none-eabi/7.3.1/../../../../arm-none-eabi/lib/thumb/v7-m\libc_nano.a(lib_a-init.o)
                0x00000000080028cc                __libc_init_array
 .text.memset   0x0000000008002914       0x10 d:/aps/cubeide/stm32cubeide_1.5.1/stm32cubeide/plugins/com.st.stm32cube.ide.mcu.externaltools.gnu-tools-for-stm32.7-2018-q2-update.win32_1.5.0.202011040924/tools/bin/../lib/gcc/arm-none-eabi/7.3.1/../../../../arm-none-eabi/lib/thumb/v7-m\libc_nano.a(lib_a-memset.o)
                0x0000000008002914                memset
 *(.glue_7)
 .glue_7        0x0000000008002924        0x0 linker stubs
 *(.glue_7t)
 .glue_7t       0x0000000008002924        0x0 linker stubs
 *(.eh_frame)
 .eh_frame      0x0000000008002924        0x0 d:/aps/cubeide/stm32cubeide_1.5.1/stm32cubeide/plugins/com.st.stm32cube.ide.mcu.externaltools.gnu-tools-for-stm32.7-2018-q2-update.win32_1.5.0.202011040924/tools/bin/../lib/gcc/arm-none-eabi/7.3.1/thumb/v7-m/crtbegin.o
 *(.init)
 .init          0x0000000008002924        0x4 d:/aps/cubeide/stm32cubeide_1.5.1/stm32cubeide/plugins/com.st.stm32cube.ide.mcu.externaltools.gnu-tools-for-stm32.7-2018-q2-update.win32_1.5.0.202011040924/tools/bin/../lib/gcc/arm-none-eabi/7.3.1/thumb/v7-m/crti.o
                0x0000000008002924                _init
 .init          0x0000000008002928        0x8 d:/aps/cubeide/stm32cubeide_1.5.1/stm32cubeide/plugins/com.st.stm32cube.ide.mcu.externaltools.gnu-tools-for-stm32.7-2018-q2-update.win32_1.5.0.202011040924/tools/bin/../lib/gcc/arm-none-eabi/7.3.1/thumb/v7-m/crtn.o
 *(.fini)
 .fini          0x0000000008002930        0x4 d:/aps/cubeide/stm32cubeide_1.5.1/stm32cubeide/plugins/com.st.stm32cube.ide.mcu.externaltools.gnu-tools-for-stm32.7-2018-q2-update.win32_1.5.0.202011040924/tools/bin/../lib/gcc/arm-none-eabi/7.3.1/thumb/v7-m/crti.o
                0x0000000008002930                _fini
 .fini          0x0000000008002934        0x8 d:/aps/cubeide/stm32cubeide_1.5.1/stm32cubeide/plugins/com.st.stm32cube.ide.mcu.externaltools.gnu-tools-for-stm32.7-2018-q2-update.win32_1.5.0.202011040924/tools/bin/../lib/gcc/arm-none-eabi/7.3.1/thumb/v7-m/crtn.o
                0x000000000800293c                . = ALIGN (0x4)
                0x000000000800293c                _etext = .

.vfp11_veneer   0x000000000800293c        0x0
 .vfp11_veneer  0x000000000800293c        0x0 linker stubs

.v4_bx          0x000000000800293c        0x0
 .v4_bx         0x000000000800293c        0x0 linker stubs

.iplt           0x000000000800293c        0x0
 .iplt          0x000000000800293c        0x0 d:/aps/cubeide/stm32cubeide_1.5.1/stm32cubeide/plugins/com.st.stm32cube.ide.mcu.externaltools.gnu-tools-for-stm32.7-2018-q2-update.win32_1.5.0.202011040924/tools/bin/../lib/gcc/arm-none-eabi/7.3.1/thumb/v7-m/crtbegin.o

.rodata         0x000000000800293c       0x38
                0x000000000800293c                . = ALIGN (0x4)
 *(.rodata)
 .rodata        0x000000000800293c        0xa Core/Src/main.o
 *fill*         0x0000000008002946        0x2 
 .rodata        0x0000000008002948       0x12 Drivers/STM32F1xx_HAL_Driver/Src/stm32f1xx_hal_rcc.o
 *(.rodata*)
 *fill*         0x000000000800295a        0x2 
 .rodata.AHBPrescTable
                0x000000000800295c       0x10 Core/Src/system_stm32f1xx.o
                0x000000000800295c                AHBPrescTable
 .rodata.APBPrescTable
                0x000000000800296c        0x8 Core/Src/system_stm32f1xx.o
                0x000000000800296c                APBPrescTable
                0x0000000008002974                . = ALIGN (0x4)

.rel.dyn        0x0000000008002974        0x0
 .rel.iplt      0x0000000008002974        0x0 d:/aps/cubeide/stm32cubeide_1.5.1/stm32cubeide/plugins/com.st.stm32cube.ide.mcu.externaltools.gnu-tools-for-stm32.7-2018-q2-update.win32_1.5.0.202011040924/tools/bin/../lib/gcc/arm-none-eabi/7.3.1/thumb/v7-m/crtbegin.o

.ARM.extab      0x0000000008002974        0x0
                0x0000000008002974                . = ALIGN (0x4)
 *(.ARM.extab* .gnu.linkonce.armextab.*)
                0x0000000008002974                . = ALIGN (0x4)

.ARM            0x0000000008002974        0x0
                0x0000000008002974                . = ALIGN (0x4)
                0x0000000008002974                __exidx_start = .
 *(.ARM.exidx*)
                0x0000000008002974                __exidx_end = .
                0x0000000008002974                . = ALIGN (0x4)

.preinit_array  0x0000000008002974        0x0
                0x0000000008002974                . = ALIGN (0x4)
                0x0000000008002974                PROVIDE (__preinit_array_start = .)
 *(.preinit_array*)
                0x0000000008002974                PROVIDE (__preinit_array_end = .)
                0x0000000008002974                . = ALIGN (0x4)

.init_array     0x0000000008002974        0x4
                0x0000000008002974                . = ALIGN (0x4)
                0x0000000008002974                PROVIDE (__init_array_start = .)
 *(SORT_BY_NAME(.init_array.*))
 *(.init_array*)
 .init_array    0x0000000008002974        0x4 d:/aps/cubeide/stm32cubeide_1.5.1/stm32cubeide/plugins/com.st.stm32cube.ide.mcu.externaltools.gnu-tools-for-stm32.7-2018-q2-update.win32_1.5.0.202011040924/tools/bin/../lib/gcc/arm-none-eabi/7.3.1/thumb/v7-m/crtbegin.o
                0x0000000008002978                PROVIDE (__init_array_end = .)
                0x0000000008002978                . = ALIGN (0x4)

.fini_array     0x0000000008002978        0x4
                0x0000000008002978                . = ALIGN (0x4)
                [!provide]                        PROVIDE (__fini_array_start = .)
 *(SORT_BY_NAME(.fini_array.*))
 *(.fini_array*)
 .fini_array    0x0000000008002978        0x4 d:/aps/cubeide/stm32cubeide_1.5.1/stm32cubeide/plugins/com.st.stm32cube.ide.mcu.externaltools.gnu-tools-for-stm32.7-2018-q2-update.win32_1.5.0.202011040924/tools/bin/../lib/gcc/arm-none-eabi/7.3.1/thumb/v7-m/crtbegin.o
                [!provide]                        PROVIDE (__fini_array_end = .)
                0x000000000800297c                . = ALIGN (0x4)
                0x000000000800297c                _sidata = LOADADDR (.data)

.data           0x0000000020000000        0xc load address 0x000000000800297c
                0x0000000020000000                . = ALIGN (0x4)
                0x0000000020000000                _sdata = .
 *(.data)
 *(.data*)
 .data.SystemCoreClock
                0x0000000020000000        0x4 Core/Src/system_stm32f1xx.o
                0x0000000020000000                SystemCoreClock
 .data.uwTickPrio
                0x0000000020000004        0x4 Drivers/STM32F1xx_HAL_Driver/Src/stm32f1xx_hal.o
                0x0000000020000004                uwTickPrio
 .data.uwTickFreq
                0x0000000020000008        0x1 Drivers/STM32F1xx_HAL_Driver/Src/stm32f1xx_hal.o
                0x0000000020000008                uwTickFreq
 *(.RamFunc)
 *(.RamFunc*)
                0x000000002000000c                . = ALIGN (0x4)
 *fill*         0x0000000020000009        0x3 
                0x000000002000000c                _edata = .

.igot.plt       0x000000002000000c        0x0 load address 0x0000000008002988
 .igot.plt      0x000000002000000c        0x0 d:/aps/cubeide/stm32cubeide_1.5.1/stm32cubeide/plugins/com.st.stm32cube.ide.mcu.externaltools.gnu-tools-for-stm32.7-2018-q2-update.win32_1.5.0.202011040924/tools/bin/../lib/gcc/arm-none-eabi/7.3.1/thumb/v7-m/crtbegin.o
                0x000000002000000c                . = ALIGN (0x4)

.bss            0x000000002000000c       0xac load address 0x0000000008002988
                0x000000002000000c                _sbss = .
                0x000000002000000c                __bss_start__ = _sbss
 *(.bss)
 .bss           0x000000002000000c       0x1c d:/aps/cubeide/stm32cubeide_1.5.1/stm32cubeide/plugins/com.st.stm32cube.ide.mcu.externaltools.gnu-tools-for-stm32.7-2018-q2-update.win32_1.5.0.202011040924/tools/bin/../lib/gcc/arm-none-eabi/7.3.1/thumb/v7-m/crtbegin.o
 *(.bss*)
 *(COMMON)
 COMMON         0x0000000020000028       0x8c Core/Src/main.o
                0x0000000020000028                huart1
                0x000000002000006c                htim1
 COMMON         0x00000000200000b4        0x4 Drivers/STM32F1xx_HAL_Driver/Src/stm32f1xx_hal.o
                0x00000000200000b4                uwTick
                0x00000000200000b8                . = ALIGN (0x4)
                0x00000000200000b8                _ebss = .
                0x00000000200000b8                __bss_end__ = _ebss

._user_heap_stack
                0x00000000200000b8      0x600 load address 0x0000000008002988
                0x00000000200000b8                . = ALIGN (0x8)
                [!provide]                        PROVIDE (end = .)
                0x00000000200000b8                PROVIDE (_end = .)
                0x00000000200002b8                . = (. + _Min_Heap_Size)
 *fill*         0x00000000200000b8      0x200 
                0x00000000200006b8                . = (. + _Min_Stack_Size)
 *fill*         0x00000000200002b8      0x400 
                0x00000000200006b8                . = ALIGN (0x8)

/DISCARD/
 libc.a(*)
 libm.a(*)
 libgcc.a(*)

.ARM.attributes
                0x0000000000000000       0x29
 *(.ARM.attributes)
 .ARM.attributes
                0x0000000000000000       0x1d d:/aps/cubeide/stm32cubeide_1.5.1/stm32cubeide/plugins/com.st.stm32cube.ide.mcu.externaltools.gnu-tools-for-stm32.7-2018-q2-update.win32_1.5.0.202011040924/tools/bin/../lib/gcc/arm-none-eabi/7.3.1/thumb/v7-m/crti.o
 .ARM.attributes
                0x000000000000001d       0x2d d:/aps/cubeide/stm32cubeide_1.5.1/stm32cubeide/plugins/com.st.stm32cube.ide.mcu.externaltools.gnu-tools-for-stm32.7-2018-q2-update.win32_1.5.0.202011040924/tools/bin/../lib/gcc/arm-none-eabi/7.3.1/thumb/v7-m/crtbegin.o
 .ARM.attributes
                0x000000000000004a       0x33 Core/Src/main.o
 .ARM.attributes
                0x000000000000007d       0x33 Core/Src/stm32f1xx_hal_msp.o
 .ARM.attributes
                0x00000000000000b0       0x33 Core/Src/stm32f1xx_it.o
 .ARM.attributes
                0x00000000000000e3       0x33 Core/Src/system_stm32f1xx.o
 .ARM.attributes
                0x0000000000000116       0x21 Core/Startup/startup_stm32f103rctx.o
 .ARM.attributes
                0x0000000000000137       0x33 Drivers/STM32F1xx_HAL_Driver/Src/stm32f1xx_hal.o
 .ARM.attributes
                0x000000000000016a       0x33 Drivers/STM32F1xx_HAL_Driver/Src/stm32f1xx_hal_cortex.o
 .ARM.attributes
                0x000000000000019d       0x33 Drivers/STM32F1xx_HAL_Driver/Src/stm32f1xx_hal_gpio.o
 .ARM.attributes
                0x00000000000001d0       0x33 Drivers/STM32F1xx_HAL_Driver/Src/stm32f1xx_hal_rcc.o
 .ARM.attributes
                0x0000000000000203       0x33 Drivers/STM32F1xx_HAL_Driver/Src/stm32f1xx_hal_tim.o
 .ARM.attributes
                0x0000000000000236       0x33 Drivers/STM32F1xx_HAL_Driver/Src/stm32f1xx_hal_tim_ex.o
 .ARM.attributes
                0x0000000000000269       0x33 Drivers/STM32F1xx_HAL_Driver/Src/stm32f1xx_hal_uart.o
 .ARM.attributes
                0x000000000000029c       0x2d d:/aps/cubeide/stm32cubeide_1.5.1/stm32cubeide/plugins/com.st.stm32cube.ide.mcu.externaltools.gnu-tools-for-stm32.7-2018-q2-update.win32_1.5.0.202011040924/tools/bin/../lib/gcc/arm-none-eabi/7.3.1/../../../../arm-none-eabi/lib/thumb/v7-m\libc_nano.a(lib_a-init.o)
 .ARM.attributes
                0x00000000000002c9       0x2d d:/aps/cubeide/stm32cubeide_1.5.1/stm32cubeide/plugins/com.st.stm32cube.ide.mcu.externaltools.gnu-tools-for-stm32.7-2018-q2-update.win32_1.5.0.202011040924/tools/bin/../lib/gcc/arm-none-eabi/7.3.1/../../../../arm-none-eabi/lib/thumb/v7-m\libc_nano.a(lib_a-memset.o)
 .ARM.attributes
                0x00000000000002f6       0x1d d:/aps/cubeide/stm32cubeide_1.5.1/stm32cubeide/plugins/com.st.stm32cube.ide.mcu.externaltools.gnu-tools-for-stm32.7-2018-q2-update.win32_1.5.0.202011040924/tools/bin/../lib/gcc/arm-none-eabi/7.3.1/thumb/v7-m/crtn.o
OUTPUT(Remote_CAR.elf elf32-littlearm)

.debug_info     0x0000000000000000     0x917b
 .debug_info    0x0000000000000000      0xe26 Core/Src/main.o
 .debug_info    0x0000000000000e26      0xc2c Core/Src/stm32f1xx_hal_msp.o
 .debug_info    0x0000000000001a52      0x20a Core/Src/stm32f1xx_it.o
 .debug_info    0x0000000000001c5c      0x29a Core/Src/system_stm32f1xx.o
 .debug_info    0x0000000000001ef6       0x22 Core/Startup/startup_stm32f103rctx.o
 .debug_info    0x0000000000001f18      0x77a Drivers/STM32F1xx_HAL_Driver/Src/stm32f1xx_hal.o
 .debug_info    0x0000000000002692      0xbb7 Drivers/STM32F1xx_HAL_Driver/Src/stm32f1xx_hal_cortex.o
 .debug_info    0x0000000000003249      0x69b Drivers/STM32F1xx_HAL_Driver/Src/stm32f1xx_hal_gpio.o
 .debug_info    0x00000000000038e4      0x80f Drivers/STM32F1xx_HAL_Driver/Src/stm32f1xx_hal_rcc.o
 .debug_info    0x00000000000040f3     0x27f1 Drivers/STM32F1xx_HAL_Driver/Src/stm32f1xx_hal_tim.o
 .debug_info    0x00000000000068e4     0x13ab Drivers/STM32F1xx_HAL_Driver/Src/stm32f1xx_hal_tim_ex.o
 .debug_info    0x0000000000007c8f     0x14ec Drivers/STM32F1xx_HAL_Driver/Src/stm32f1xx_hal_uart.o

.debug_abbrev   0x0000000000000000     0x154c
 .debug_abbrev  0x0000000000000000      0x227 Core/Src/main.o
 .debug_abbrev  0x0000000000000227      0x1b7 Core/Src/stm32f1xx_hal_msp.o
 .debug_abbrev  0x00000000000003de       0xc6 Core/Src/stm32f1xx_it.o
 .debug_abbrev  0x00000000000004a4      0x134 Core/Src/system_stm32f1xx.o
 .debug_abbrev  0x00000000000005d8       0x12 Core/Startup/startup_stm32f103rctx.o
 .debug_abbrev  0x00000000000005ea      0x1c7 Drivers/STM32F1xx_HAL_Driver/Src/stm32f1xx_hal.o
 .debug_abbrev  0x00000000000007b1      0x2d5 Drivers/STM32F1xx_HAL_Driver/Src/stm32f1xx_hal_cortex.o
 .debug_abbrev  0x0000000000000a86      0x1c0 Drivers/STM32F1xx_HAL_Driver/Src/stm32f1xx_hal_gpio.o
 .debug_abbrev  0x0000000000000c46      0x243 Drivers/STM32F1xx_HAL_Driver/Src/stm32f1xx_hal_rcc.o
 .debug_abbrev  0x0000000000000e89      0x230 Drivers/STM32F1xx_HAL_Driver/Src/stm32f1xx_hal_tim.o
 .debug_abbrev  0x00000000000010b9      0x236 Drivers/STM32F1xx_HAL_Driver/Src/stm32f1xx_hal_tim_ex.o
 .debug_abbrev  0x00000000000012ef      0x25d Drivers/STM32F1xx_HAL_Driver/Src/stm32f1xx_hal_uart.o

.debug_aranges  0x0000000000000000      0xb40
 .debug_aranges
                0x0000000000000000       0x48 Core/Src/main.o
 .debug_aranges
                0x0000000000000048       0x48 Core/Src/stm32f1xx_hal_msp.o
 .debug_aranges
                0x0000000000000090       0x60 Core/Src/stm32f1xx_it.o
 .debug_aranges
                0x00000000000000f0       0x28 Core/Src/system_stm32f1xx.o
 .debug_aranges
                0x0000000000000118       0x28 Core/Startup/startup_stm32f103rctx.o
 .debug_aranges
                0x0000000000000140       0xe0 Drivers/STM32F1xx_HAL_Driver/Src/stm32f1xx_hal.o
 .debug_aranges
                0x0000000000000220      0x100 Drivers/STM32F1xx_HAL_Driver/Src/stm32f1xx_hal_cortex.o
 .debug_aranges
                0x0000000000000320       0x58 Drivers/STM32F1xx_HAL_Driver/Src/stm32f1xx_hal_gpio.o
 .debug_aranges
                0x0000000000000378       0x90 Drivers/STM32F1xx_HAL_Driver/Src/stm32f1xx_hal_rcc.o
 .debug_aranges
                0x0000000000000408      0x3d0 Drivers/STM32F1xx_HAL_Driver/Src/stm32f1xx_hal_tim.o
 .debug_aranges
                0x00000000000007d8      0x168 Drivers/STM32F1xx_HAL_Driver/Src/stm32f1xx_hal_tim_ex.o
 .debug_aranges
                0x0000000000000940      0x200 Drivers/STM32F1xx_HAL_Driver/Src/stm32f1xx_hal_uart.o

.debug_ranges   0x0000000000000000      0xab8
 .debug_ranges  0x0000000000000000       0x38 Core/Src/main.o
 .debug_ranges  0x0000000000000038       0x38 Core/Src/stm32f1xx_hal_msp.o
 .debug_ranges  0x0000000000000070       0x50 Core/Src/stm32f1xx_it.o
 .debug_ranges  0x00000000000000c0       0x18 Core/Src/system_stm32f1xx.o
 .debug_ranges  0x00000000000000d8       0x20 Core/Startup/startup_stm32f103rctx.o
 .debug_ranges  0x00000000000000f8       0xd0 Drivers/STM32F1xx_HAL_Driver/Src/stm32f1xx_hal.o
 .debug_ranges  0x00000000000001c8       0xf0 Drivers/STM32F1xx_HAL_Driver/Src/stm32f1xx_hal_cortex.o
 .debug_ranges  0x00000000000002b8       0x48 Drivers/STM32F1xx_HAL_Driver/Src/stm32f1xx_hal_gpio.o
 .debug_ranges  0x0000000000000300       0x80 Drivers/STM32F1xx_HAL_Driver/Src/stm32f1xx_hal_rcc.o
 .debug_ranges  0x0000000000000380      0x3c0 Drivers/STM32F1xx_HAL_Driver/Src/stm32f1xx_hal_tim.o
 .debug_ranges  0x0000000000000740      0x158 Drivers/STM32F1xx_HAL_Driver/Src/stm32f1xx_hal_tim_ex.o
 .debug_ranges  0x0000000000000898      0x220 Drivers/STM32F1xx_HAL_Driver/Src/stm32f1xx_hal_uart.o

.debug_macro    0x0000000000000000    0x189fb
 .debug_macro   0x0000000000000000      0x1b2 Core/Src/main.o
 .debug_macro   0x00000000000001b2      0xa5a Core/Src/main.o
 .debug_macro   0x0000000000000c0c      0x21b Core/Src/main.o
 .debug_macro   0x0000000000000e27       0x2e Core/Src/main.o
 .debug_macro   0x0000000000000e55       0x22 Core/Src/main.o
 .debug_macro   0x0000000000000e77       0x22 Core/Src/main.o
 .debug_macro   0x0000000000000e99       0x8e Core/Src/main.o
 .debug_macro   0x0000000000000f27       0x51 Core/Src/main.o
 .debug_macro   0x0000000000000f78       0xef Core/Src/main.o
 .debug_macro   0x0000000000001067       0x6a Core/Src/main.o
 .debug_macro   0x00000000000010d1      0x1df Core/Src/main.o
 .debug_macro   0x00000000000012b0       0x1c Core/Src/main.o
 .debug_macro   0x00000000000012cc       0x22 Core/Src/main.o
 .debug_macro   0x00000000000012ee       0xc3 Core/Src/main.o
 .debug_macro   0x00000000000013b1      0xd23 Core/Src/main.o
 .debug_macro   0x00000000000020d4     0xfd8c Core/Src/main.o
 .debug_macro   0x0000000000011e60       0x6d Core/Src/main.o
 .debug_macro   0x0000000000011ecd     0x3468 Core/Src/main.o
 .debug_macro   0x0000000000015335      0x174 Core/Src/main.o
 .debug_macro   0x00000000000154a9       0x5c Core/Src/main.o
 .debug_macro   0x0000000000015505      0x5be Core/Src/main.o
 .debug_macro   0x0000000000015ac3      0x4d5 Core/Src/main.o
 .debug_macro   0x0000000000015f98      0x1cb Core/Src/main.o
 .debug_macro   0x0000000000016163      0x114 Core/Src/main.o
 .debug_macro   0x0000000000016277      0x1ea Core/Src/main.o
 .debug_macro   0x0000000000016461       0x27 Core/Src/main.o
 .debug_macro   0x0000000000016488      0x144 Core/Src/main.o
 .debug_macro   0x00000000000165cc      0x1bc Core/Src/main.o
 .debug_macro   0x0000000000016788       0x30 Core/Src/main.o
 .debug_macro   0x00000000000167b8       0x3c Core/Src/main.o
 .debug_macro   0x00000000000167f4       0x57 Core/Src/main.o
 .debug_macro   0x000000000001684b       0x88 Core/Src/main.o
 .debug_macro   0x00000000000168d3      0x24f Core/Src/main.o
 .debug_macro   0x0000000000016b22      0x141 Core/Src/main.o
 .debug_macro   0x0000000000016c63      0x8d1 Core/Src/main.o
 .debug_macro   0x0000000000017534      0x279 Core/Src/main.o
 .debug_macro   0x00000000000177ad       0xb5 Core/Src/main.o
 .debug_macro   0x0000000000017862       0x70 Core/Src/main.o
 .debug_macro   0x00000000000178d2      0x1b2 Core/Src/stm32f1xx_hal_msp.o
 .debug_macro   0x0000000000017a84      0x1bc Core/Src/stm32f1xx_it.o
 .debug_macro   0x0000000000017c40      0x1a3 Core/Src/system_stm32f1xx.o
 .debug_macro   0x0000000000017de3      0x1c7 Drivers/STM32F1xx_HAL_Driver/Src/stm32f1xx_hal.o
 .debug_macro   0x0000000000017faa      0x1a3 Drivers/STM32F1xx_HAL_Driver/Src/stm32f1xx_hal_cortex.o
 .debug_macro   0x000000000001814d      0x20e Drivers/STM32F1xx_HAL_Driver/Src/stm32f1xx_hal_gpio.o
 .debug_macro   0x000000000001835b      0x1b5 Drivers/STM32F1xx_HAL_Driver/Src/stm32f1xx_hal_rcc.o
 .debug_macro   0x0000000000018510      0x1a4 Drivers/STM32F1xx_HAL_Driver/Src/stm32f1xx_hal_tim.o
 .debug_macro   0x00000000000186b4      0x1a3 Drivers/STM32F1xx_HAL_Driver/Src/stm32f1xx_hal_tim_ex.o
 .debug_macro   0x0000000000018857      0x1a4 Drivers/STM32F1xx_HAL_Driver/Src/stm32f1xx_hal_uart.o

.debug_line     0x0000000000000000     0x8629
 .debug_line    0x0000000000000000      0x84b Core/Src/main.o
 .debug_line    0x000000000000084b      0x70c Core/Src/stm32f1xx_hal_msp.o
 .debug_line    0x0000000000000f57      0x743 Core/Src/stm32f1xx_it.o
 .debug_line    0x000000000000169a      0x6c3 Core/Src/system_stm32f1xx.o
 .debug_line    0x0000000000001d5d       0x87 Core/Startup/startup_stm32f103rctx.o
 .debug_line    0x0000000000001de4      0x876 Drivers/STM32F1xx_HAL_Driver/Src/stm32f1xx_hal.o
 .debug_line    0x000000000000265a      0x94d Drivers/STM32F1xx_HAL_Driver/Src/stm32f1xx_hal_cortex.o
 .debug_line    0x0000000000002fa7      0x89a Drivers/STM32F1xx_HAL_Driver/Src/stm32f1xx_hal_gpio.o
 .debug_line    0x0000000000003841      0x936 Drivers/STM32F1xx_HAL_Driver/Src/stm32f1xx_hal_rcc.o
 .debug_line    0x0000000000004177     0x21fd Drivers/STM32F1xx_HAL_Driver/Src/stm32f1xx_hal_tim.o
 .debug_line    0x0000000000006374     0x11cf Drivers/STM32F1xx_HAL_Driver/Src/stm32f1xx_hal_tim_ex.o
 .debug_line    0x0000000000007543     0x10e6 Drivers/STM32F1xx_HAL_Driver/Src/stm32f1xx_hal_uart.o

.debug_str      0x0000000000000000    0x94628
 .debug_str     0x0000000000000000    0x91d73 Core/Src/main.o
                                      0x9222a (size before relaxing)
 .debug_str     0x0000000000091d73       0xd0 Core/Src/stm32f1xx_hal_msp.o
                                      0x91fc8 (size before relaxing)
 .debug_str     0x0000000000091e43       0xbd Core/Src/stm32f1xx_it.o
                                      0x9188f (size before relaxing)
 .debug_str     0x0000000000091f00       0x52 Core/Src/system_stm32f1xx.o
                                      0x916ce (size before relaxing)
 .debug_str     0x0000000000091f52       0x36 Core/Startup/startup_stm32f103rctx.o
                                         0x69 (size before relaxing)
 .debug_str     0x0000000000091f88      0x600 Drivers/STM32F1xx_HAL_Driver/Src/stm32f1xx_hal.o
                                      0x91e43 (size before relaxing)
 .debug_str     0x0000000000092588      0x300 Drivers/STM32F1xx_HAL_Driver/Src/stm32f1xx_hal_cortex.o
                                      0x91e4b (size before relaxing)
 .debug_str     0x0000000000092888      0x324 Drivers/STM32F1xx_HAL_Driver/Src/stm32f1xx_hal_gpio.o
                                      0x91a92 (size before relaxing)
 .debug_str     0x0000000000092bac      0x24f Drivers/STM32F1xx_HAL_Driver/Src/stm32f1xx_hal_rcc.o
                                      0x91acb (size before relaxing)
 .debug_str     0x0000000000092dfb      0xde6 Drivers/STM32F1xx_HAL_Driver/Src/stm32f1xx_hal_tim.o
                                      0x92a9d (size before relaxing)
 .debug_str     0x0000000000093be1      0x45a Drivers/STM32F1xx_HAL_Driver/Src/stm32f1xx_hal_tim_ex.o
                                      0x9224e (size before relaxing)
 .debug_str     0x000000000009403b      0x5ed Drivers/STM32F1xx_HAL_Driver/Src/stm32f1xx_hal_uart.o
                                      0x920bd (size before relaxing)

.comment        0x0000000000000000       0x7b
 .comment       0x0000000000000000       0x7b Core/Src/main.o
                                         0x7c (size before relaxing)
 .comment       0x000000000000007b       0x7c Core/Src/stm32f1xx_hal_msp.o
 .comment       0x000000000000007b       0x7c Core/Src/stm32f1xx_it.o
 .comment       0x000000000000007b       0x7c Core/Src/system_stm32f1xx.o
 .comment       0x000000000000007b       0x7c Drivers/STM32F1xx_HAL_Driver/Src/stm32f1xx_hal.o
 .comment       0x000000000000007b       0x7c Drivers/STM32F1xx_HAL_Driver/Src/stm32f1xx_hal_cortex.o
 .comment       0x000000000000007b       0x7c Drivers/STM32F1xx_HAL_Driver/Src/stm32f1xx_hal_gpio.o
 .comment       0x000000000000007b       0x7c Drivers/STM32F1xx_HAL_Driver/Src/stm32f1xx_hal_rcc.o
 .comment       0x000000000000007b       0x7c Drivers/STM32F1xx_HAL_Driver/Src/stm32f1xx_hal_tim.o
 .comment       0x000000000000007b       0x7c Drivers/STM32F1xx_HAL_Driver/Src/stm32f1xx_hal_tim_ex.o
 .comment       0x000000000000007b       0x7c Drivers/STM32F1xx_HAL_Driver/Src/stm32f1xx_hal_uart.o

.debug_frame    0x0000000000000000     0x2f38
 .debug_frame   0x0000000000000000       0xd0 Core/Src/main.o
 .debug_frame   0x00000000000000d0       0xf4 Core/Src/stm32f1xx_hal_msp.o
 .debug_frame   0x00000000000001c4      0x104 Core/Src/stm32f1xx_it.o
 .debug_frame   0x00000000000002c8       0x58 Core/Src/system_stm32f1xx.o
 .debug_frame   0x0000000000000320      0x334 Drivers/STM32F1xx_HAL_Driver/Src/stm32f1xx_hal.o
 .debug_frame   0x0000000000000654      0x428 Drivers/STM32F1xx_HAL_Driver/Src/stm32f1xx_hal_cortex.o
 .debug_frame   0x0000000000000a7c      0x14c Drivers/STM32F1xx_HAL_Driver/Src/stm32f1xx_hal_gpio.o
 .debug_frame   0x0000000000000bc8      0x21c Drivers/STM32F1xx_HAL_Driver/Src/stm32f1xx_hal_rcc.o
 .debug_frame   0x0000000000000de4     0x11bc Drivers/STM32F1xx_HAL_Driver/Src/stm32f1xx_hal_tim.o
 .debug_frame   0x0000000000001fa0      0x638 Drivers/STM32F1xx_HAL_Driver/Src/stm32f1xx_hal_tim_ex.o
 .debug_frame   0x00000000000025d8      0x914 Drivers/STM32F1xx_HAL_Driver/Src/stm32f1xx_hal_uart.o
 .debug_frame   0x0000000000002eec       0x2c d:/aps/cubeide/stm32cubeide_1.5.1/stm32cubeide/plugins/com.st.stm32cube.ide.mcu.externaltools.gnu-tools-for-stm32.7-2018-q2-update.win32_1.5.0.202011040924/tools/bin/../lib/gcc/arm-none-eabi/7.3.1/../../../../arm-none-eabi/lib/thumb/v7-m\libc_nano.a(lib_a-init.o)
 .debug_frame   0x0000000000002f18       0x20 d:/aps/cubeide/stm32cubeide_1.5.1/stm32cubeide/plugins/com.st.stm32cube.ide.mcu.externaltools.gnu-tools-for-stm32.7-2018-q2-update.win32_1.5.0.202011040924/tools/bin/../lib/gcc/arm-none-eabi/7.3.1/../../../../arm-none-eabi/lib/thumb/v7-m\libc_nano.a(lib_a-memset.o)
